[    0.000000] Initializing cgroup subsys cpuset
[    0.000000] Initializing cgroup subsys cpu
[    0.000000] Initializing cgroup subsys cpuacct
[    0.000000] Linux version 4.4.0-83-generic (buildd@lgw01-29) (gcc version 5.4.0 20160609 (Ubuntu 5.4.0-6ubuntu1~16.04.4) ) #106-Ubuntu SMP Mon Jun 26 17:54:43 UTC 2017 (Ubuntu 4.4.0-83.106-generic 4.4.70)
[    0.000000] Command line: BOOT_IMAGE=/boot/vmlinuz-4.4.0-83-generic root=LABEL=cloudimg-rootfs ro console=tty1 console=ttyS0
[    0.000000] KERNEL supported cpus:
[    0.000000]   Intel GenuineIntel
[    0.000000]   AMD AuthenticAMD
[    0.000000]   Centaur CentaurHauls
[    0.000000] x86/fpu: xstate_offset[2]:  576, xstate_sizes[2]:  256
[    0.000000] x86/fpu: Supporting XSAVE feature 0x01: 'x87 floating point registers'
[    0.000000] x86/fpu: Supporting XSAVE feature 0x02: 'SSE registers'
[    0.000000] x86/fpu: Supporting XSAVE feature 0x04: 'AVX registers'
[    0.000000] x86/fpu: Enabled xstate features 0x7, context size is 832 bytes, using 'standard' format.
[    0.000000] x86/fpu: Using 'lazy' FPU context switches.
[    0.000000] e820: BIOS-provided physical RAM map:
[    0.000000] BIOS-e820: [mem 0x0000000000000000-0x000000000009fbff] usable
[    0.000000] BIOS-e820: [mem 0x000000000009fc00-0x000000000009ffff] reserved
[    0.000000] BIOS-e820: [mem 0x00000000000f0000-0x00000000000fffff] reserved
[    0.000000] BIOS-e820: [mem 0x0000000000100000-0x000000003ffeffff] usable
[    0.000000] BIOS-e820: [mem 0x000000003fff0000-0x000000003fffffff] ACPI data
[    0.000000] BIOS-e820: [mem 0x00000000fec00000-0x00000000fec00fff] reserved
[    0.000000] BIOS-e820: [mem 0x00000000fee00000-0x00000000fee00fff] reserved
[    0.000000] BIOS-e820: [mem 0x00000000fffc0000-0x00000000ffffffff] reserved
[    0.000000] NX (Execute Disable) protection: active
[    0.000000] SMBIOS 2.5 present.
[    0.000000] Hypervisor detected: KVM
[    0.000000] e820: last_pfn = 0x3fff0 max_arch_pfn = 0x400000000
[    0.000000] MTRR: Disabled
[    0.000000] x86/PAT: MTRRs disabled, skipping PAT initialization too.
[    0.000000] x86/PAT: Configuration [0-7]: WB  WT  UC- UC  WB  WT  UC- UC  
[    0.000000] CPU MTRRs all blank - virtualized system.
[    0.000000] found SMP MP-table at [mem 0x0009fff0-0x0009ffff] mapped at [ffff88000009fff0]
[    0.000000] Scanning 1 areas for low memory corruption
[    0.000000] RAMDISK: [mem 0x36aea000-0x3756cfff]
[    0.000000] ACPI: Early table checksum verification disabled
[    0.000000] ACPI: RSDP 0x00000000000E0000 000024 (v02 VBOX  )
[    0.000000] ACPI: XSDT 0x000000003FFF0030 00003C (v01 VBOX   VBOXXSDT 00000001 ASL  00000061)
[    0.000000] ACPI: FACP 0x000000003FFF00F0 0000F4 (v04 VBOX   VBOXFACP 00000001 ASL  00000061)
[    0.000000] ACPI: DSDT 0x000000003FFF0470 0021C8 (v02 VBOX   VBOXBIOS 00000002 INTL 20100528)
[    0.000000] ACPI: FACS 0x000000003FFF0200 000040
[    0.000000] ACPI: FACS 0x000000003FFF0200 000040
[    0.000000] ACPI: APIC 0x000000003FFF0240 00005C (v02 VBOX   VBOXAPIC 00000001 ASL  00000061)
[    0.000000] ACPI: SSDT 0x000000003FFF02A0 0001CC (v01 VBOX   VBOXCPUT 00000002 INTL 20100528)
[    0.000000] No NUMA configuration found
[    0.000000] Faking a node at [mem 0x0000000000000000-0x000000003ffeffff]
[    0.000000] NODE_DATA(0) allocated [mem 0x3ffeb000-0x3ffeffff]
[    0.000000] kvm-clock: Using msrs 4b564d01 and 4b564d00
[    0.000000] kvm-clock: cpu 0, msr 0:3ffe3001, primary cpu clock
[    0.000000] kvm-clock: using sched offset of 4335260337 cycles
[    0.000000] clocksource: kvm-clock: mask: 0xffffffffffffffff max_cycles: 0x1cd42e4dffb, max_idle_ns: 881590591483 ns
[    0.000000] Zone ranges:
[    0.000000]   DMA      [mem 0x0000000000001000-0x0000000000ffffff]
[    0.000000]   DMA32    [mem 0x0000000001000000-0x000000003ffeffff]
[    0.000000]   Normal   empty
[    0.000000]   Device   empty
[    0.000000] Movable zone start for each node
[    0.000000] Early memory node ranges
[    0.000000]   node   0: [mem 0x0000000000001000-0x000000000009efff]
[    0.000000]   node   0: [mem 0x0000000000100000-0x000000003ffeffff]
[    0.000000] Initmem setup node 0 [mem 0x0000000000001000-0x000000003ffeffff]
[    0.000000] ACPI: PM-Timer IO Port: 0x4008
[    0.000000] IOAPIC[0]: apic_id 2, version 32, address 0xfec00000, GSI 0-23
[    0.000000] ACPI: INT_SRC_OVR (bus 0 bus_irq 0 global_irq 2 dfl dfl)
[    0.000000] ACPI: INT_SRC_OVR (bus 0 bus_irq 9 global_irq 9 high level)
[    0.000000] Using ACPI (MADT) for SMP configuration information
[    0.000000] smpboot: Allowing 2 CPUs, 0 hotplug CPUs
[    0.000000] PM: Registered nosave memory: [mem 0x00000000-0x00000fff]
[    0.000000] PM: Registered nosave memory: [mem 0x0009f000-0x0009ffff]
[    0.000000] PM: Registered nosave memory: [mem 0x000a0000-0x000effff]
[    0.000000] PM: Registered nosave memory: [mem 0x000f0000-0x000fffff]
[    0.000000] e820: [mem 0x40000000-0xfebfffff] available for PCI devices
[    0.000000] Booting paravirtualized kernel on KVM
[    0.000000] clocksource: refined-jiffies: mask: 0xffffffff max_cycles: 0xffffffff, max_idle_ns: 7645519600211568 ns
[    0.000000] setup_percpu: NR_CPUS:512 nr_cpumask_bits:512 nr_cpu_ids:2 nr_node_ids:1
[    0.000000] PERCPU: Embedded 33 pages/cpu @ffff88003fc00000 s98264 r8192 d28712 u1048576
[    0.000000] PV qspinlock hash table entries: 256 (order: 0, 4096 bytes)
[    0.000000] Built 1 zonelists in Node order, mobility grouping on.  Total pages: 257913
[    0.000000] Policy zone: DMA32
[    0.000000] Kernel command line: BOOT_IMAGE=/boot/vmlinuz-4.4.0-83-generic root=LABEL=cloudimg-rootfs ro console=tty1 console=ttyS0
[    0.000000] PID hash table entries: 4096 (order: 3, 32768 bytes)
[    0.000000] Memory: 1001812K/1048120K available (8469K kernel code, 1294K rwdata, 3984K rodata, 1488K init, 1316K bss, 46308K reserved, 0K cma-reserved)
[    0.000000] SLUB: HWalign=64, Order=0-3, MinObjects=0, CPUs=2, Nodes=1
[    0.000000] Hierarchical RCU implementation.
[    0.000000] 	Build-time adjustment of leaf fanout to 64.
[    0.000000] 	RCU restricting CPUs from NR_CPUS=512 to nr_cpu_ids=2.
[    0.000000] RCU: Adjusting geometry for rcu_fanout_leaf=64, nr_cpu_ids=2
[    0.000000] NR_IRQS:33024 nr_irqs:440 16
[    0.000000] Console: colour VGA+ 80x25
[    0.000000] console [tty1] enabled
[    0.000000] console [ttyS0] enabled
[    0.000000] tsc: Detected 2095.252 MHz processor
[    2.360000] Calibrating delay loop (skipped) preset value.. 4190.50 BogoMIPS (lpj=8381008)
[    2.374418] pid_max: default: 32768 minimum: 301
[    2.398300] ACPI: Core revision 20150930
[    2.420354] ACPI: 2 ACPI AML tables successfully acquired and loaded
[    2.449107] Security Framework initialized
[    2.471328] Yama: becoming mindful.
[    2.482791] AppArmor: AppArmor initialized
[    2.511788] Dentry cache hash table entries: 131072 (order: 8, 1048576 bytes)
[    2.534743] Inode-cache hash table entries: 65536 (order: 7, 524288 bytes)
[    2.566538] Mount-cache hash table entries: 2048 (order: 2, 16384 bytes)
[    2.582464] Mountpoint-cache hash table entries: 2048 (order: 2, 16384 bytes)
[    2.610624] Initializing cgroup subsys io
[    2.620056] Initializing cgroup subsys memory
[    2.639426] Initializing cgroup subsys devices
[    2.653551] Initializing cgroup subsys freezer
[    2.662936] Initializing cgroup subsys net_cls
[    2.664335] Initializing cgroup subsys perf_event
[    2.673098] Initializing cgroup subsys net_prio
[    2.685491] Initializing cgroup subsys hugetlb
[    2.698758] Initializing cgroup subsys pids
[    2.706483] CPU: Physical Processor ID: 0
[    2.716672] CPU: Processor Core ID: 0
[    2.727847] mce: CPU supports 0 MCE banks
[    2.736730] Last level iTLB entries: 4KB 512, 2MB 8, 4MB 8
[    2.754593] Last level dTLB entries: 4KB 512, 2MB 32, 4MB 32, 1GB 0
[    2.762559] Freeing SMP alternatives memory: 32K (ffffffff820b9000 - ffffffff820c1000)
[    2.813438] ftrace: allocating 32129 entries in 126 pages
[    2.896369] smpboot: APIC(0) Converting physical 0 to logical package 0
[    2.966764] smpboot: Max logical packages: 1
[    3.014654] x2apic enabled
[    3.021445] Switched APIC routing to physical x2apic.
[    3.039166] ..TIMER: vector=0x30 apic1=0 pin1=2 apic2=-1 pin2=-1
[    3.158196] smpboot: CPU0: Intel(R) Core(TM) i3-2310M CPU @ 2.10GHz (family: 0x6, model: 0x2a, stepping: 0x7)
[    3.278138] Performance Events: unsupported p6 CPU model 42 no PMU driver, software events only.
[    3.318313] KVM setup paravirtual spinlock
[    3.349090] x86: Booting SMP configuration:
[    3.368766] .... node  #0, CPUs:      #1
[    3.386933] kvm-clock: cpu 1, msr 0:3ffe3041, secondary cpu clock
[    3.391203] mce: CPU supports 0 MCE banks
[    3.394293] x86: Booted up 1 node, 2 CPUs
[    3.402854] smpboot: Total of 2 processors activated (8381.00 BogoMIPS)
[    3.426105] devtmpfs: initialized
[    3.452116] evm: security.selinux
[    3.458219] evm: security.SMACK64
[    3.468854] evm: security.SMACK64EXEC
[    3.486912] evm: security.SMACK64TRANSMUTE
[    3.490054] evm: security.SMACK64MMAP
[    3.501114] evm: security.ima
[    3.534721] evm: security.capability
[    3.540069] clocksource: jiffies: mask: 0xffffffff max_cycles: 0xffffffff, max_idle_ns: 7645041785100000 ns
[    3.562957] futex hash table entries: 512 (order: 3, 32768 bytes)
[    3.601849] pinctrl core: initialized pinctrl subsystem
[    3.622861] RTC time: 14:18:06, date: 07/06/17
[    3.648148] NET: Registered protocol family 16
[    3.671572] cpuidle: using governor ladder
[    3.708494] cpuidle: using governor menu
[    3.711285] PCCT header not found.
[    3.714051] ACPI: bus type PCI registered
[    3.735431] acpiphp: ACPI Hot Plug PCI Controller Driver version: 0.5
[    3.745084] PCI: Using configuration type 1 for base access
[    3.786026] ACPI: Added _OSI(Module Device)
[    3.801487] ACPI: Added _OSI(Processor Device)
[    3.819849] ACPI: Added _OSI(3.0 _SCP Extensions)
[    3.835292] ACPI: Added _OSI(Processor Aggregator Device)
[    3.858169] ACPI: Executed 1 blocks of module-level executable AML code
[    3.869763] ACPI: Interpreter enabled
[    3.885199] ACPI: (supports S0 S5)
[    3.889603] ACPI: Using IOAPIC for interrupt routing
[    3.900256] PCI: Using host bridge windows from ACPI; if necessary, use "pci=nocrs" and report a bug
[    3.917731] ACPI: PCI Root Bridge [PCI0] (domain 0000 [bus 00-ff])
[    3.972836] acpi PNP0A03:00: _OSC: OS supports [ASPM ClockPM Segments MSI]
[    3.990850] acpi PNP0A03:00: _OSC failed (AE_NOT_FOUND); disabling ASPM
[    4.023183] acpi PNP0A03:00: fail to add MMCONFIG information, can't access extended PCI configuration space under this bridge.
[    4.045876] PCI host bridge to bus 0000:00
[    4.053312] pci_bus 0000:00: root bus resource [io  0x0000-0x0cf7 window]
[    4.092390] pci_bus 0000:00: root bus resource [io  0x0d00-0xffff window]
[    4.107269] pci_bus 0000:00: root bus resource [mem 0x000a0000-0x000bffff window]
[    4.140230] pci_bus 0000:00: root bus resource [mem 0x40000000-0xffdfffff window]
[    4.171198] pci_bus 0000:00: root bus resource [bus 00-ff]
[    4.192196] pci 0000:00:01.1: legacy IDE quirk: reg 0x10: [io  0x01f0-0x01f7]
[    4.251773] pci 0000:00:01.1: legacy IDE quirk: reg 0x14: [io  0x03f6]
[    4.278930] pci 0000:00:01.1: legacy IDE quirk: reg 0x18: [io  0x0170-0x0177]
[    4.308474] pci 0000:00:01.1: legacy IDE quirk: reg 0x1c: [io  0x0376]
[    4.367712] pci 0000:00:07.0: quirk: [io  0x4000-0x403f] claimed by PIIX4 ACPI
[    4.396128] pci 0000:00:07.0: quirk: [io  0x4100-0x410f] claimed by PIIX4 SMB
[    4.430009] ACPI: PCI Interrupt Link [LNKA] (IRQs 5 9 10 *11)
[    4.479741] ACPI: PCI Interrupt Link [LNKB] (IRQs 5 9 10 *11)
[    4.501100] ACPI: PCI Interrupt Link [LNKC] (IRQs 5 9 *10 11)
[    4.522293] ACPI: PCI Interrupt Link [LNKD] (IRQs 5 *9 10 11)
[    4.538148] ACPI: Enabled 2 GPEs in block 00 to 07
[    4.556460] vgaarb: setting as boot device: PCI:0000:00:02.0
[    4.562938] vgaarb: device added: PCI:0000:00:02.0,decodes=io+mem,owns=io+mem,locks=none
[    4.589362] vgaarb: loaded
[    4.597515] vgaarb: bridge control possible 0000:00:02.0
[    4.622101] SCSI subsystem initialized
[    4.638835] ACPI: bus type USB registered
[    4.645387] usbcore: registered new interface driver usbfs
[    4.647078] usbcore: registered new interface driver hub
[    4.648665] usbcore: registered new device driver usb
[    4.650552] PCI: Using ACPI for IRQ routing
[    4.704615] NetLabel: Initializing
[    4.743805] NetLabel:  domain hash size = 128
[    4.770904] NetLabel:  protocols = UNLABELED CIPSOv4
[    4.776452] NetLabel:  unlabeled traffic allowed by default
[    4.784321] amd_nb: Cannot enumerate AMD northbridges
[    4.810515] clocksource: Switched to clocksource kvm-clock
[    4.847903] AppArmor: AppArmor Filesystem Enabled
[    4.867401] pnp: PnP ACPI init
[    4.873184] pnp: PnP ACPI: found 3 devices
[    4.900316] clocksource: acpi_pm: mask: 0xffffff max_cycles: 0xffffff, max_idle_ns: 2085701024 ns
[    4.913781] NET: Registered protocol family 2
[    4.923400] TCP established hash table entries: 8192 (order: 4, 65536 bytes)
[    4.936221] TCP bind hash table entries: 8192 (order: 5, 131072 bytes)
[    4.964040] TCP: Hash tables configured (established 8192 bind 8192)
[    5.022886] UDP hash table entries: 512 (order: 2, 16384 bytes)
[    5.073512] UDP-Lite hash table entries: 512 (order: 2, 16384 bytes)
[    5.108734] NET: Registered protocol family 1
[    5.130379] pci 0000:00:00.0: Limiting direct PCI/PCI transfers
[    5.181609] pci 0000:00:01.0: Activating ISA DMA hang workarounds
[    5.194253] Unpacking initramfs...
[    8.484864] Freeing initrd memory: 10764K (ffff880036aea000 - ffff88003756d000)
[    8.498568] RAPL PMU detected, API unit is 2^-32 Joules, 3 fixed counters 10737418240 ms ovfl timer
[    8.501305] hw unit of domain pp0-core 2^-0 Joules
[    8.502780] hw unit of domain package 2^-0 Joules
[    8.531528] hw unit of domain pp1-gpu 2^-0 Joules
[    8.541164] platform rtc_cmos: registered platform RTC device (no PNP device found)
[    8.545458] Scanning for low memory corruption every 60 seconds
[    8.550056] audit: initializing netlink subsys (disabled)
[    8.577406] audit: type=2000 audit(1499350693.616:1): initialized
[    8.597598] Initialise system trusted keyring
[    8.616047] HugeTLB registered 2 MB page size, pre-allocated 0 pages
[    8.662628] zbud: loaded
[    8.674971] VFS: Disk quotas dquot_6.6.0
[    8.705202] VFS: Dquot-cache hash table entries: 512 (order 0, 4096 bytes)
[    8.735146] squashfs: version 4.0 (2009/01/31) Phillip Lougher
[    8.745297] fuse init (API version 7.23)
[    8.808502] Key type big_key registered
[    8.847971] Allocating IMA MOK and blacklist keyrings.
[    8.917840] Key type asymmetric registered
[    8.948554] Asymmetric key parser 'x509' registered
[    8.978122] Block layer SCSI generic (bsg) driver version 0.4 loaded (major 249)
[    8.982817] io scheduler noop registered
[    9.001918] io scheduler deadline registered (default)
[    9.006901] io scheduler cfq registered
[    9.034697] pci_hotplug: PCI Hot Plug PCI Core version: 0.5
[    9.064408] pciehp: PCI Express Hot Plug Controller Driver version: 0.4
[    9.099582] ACPI: AC Adapter [AC] (on-line)
[    9.145867] input: Power Button as /devices/LNXSYSTM:00/LNXPWRBN:00/input/input0
[    9.151633] ACPI: Power Button [PWRF]
[    9.164321] input: Sleep Button as /devices/LNXSYSTM:00/LNXSLPBN:00/input/input1
[    9.195610] ACPI: Sleep Button [SLPF]
[    9.217578] GHES: HEST is not enabled!
[    9.218579] ACPI: Battery Slot [BAT0] (battery present)
[    9.254359] Serial: 8250/16550 driver, 32 ports, IRQ sharing enabled
[    9.305895] 00:02: ttyS0 at I/O 0x3f8 (irq = 4, base_baud = 115200) is a 16550A
[    9.334567] Linux agpgart interface v0.103
[    9.352229] loop: module loaded
[    9.368595] scsi host0: ata_piix
[    9.378158] scsi host1: ata_piix
[    9.388327] ata1: PATA max UDMA/33 cmd 0x1f0 ctl 0x3f6 bmdma 0xd000 irq 14
[    9.399617] ata2: PATA max UDMA/33 cmd 0x170 ctl 0x376 bmdma 0xd008 irq 15
[    9.440797] libphy: Fixed MDIO Bus: probed
[    9.444209] tun: Universal TUN/TAP device driver, 1.6
[    9.455486] tun: (C) 1999-2004 Max Krasnyansky <maxk@qualcomm.com>
[    9.496684] PPP generic driver version 2.4.2
[    9.517062] ehci_hcd: USB 2.0 'Enhanced' Host Controller (EHCI) Driver
[    9.540500] tsc: Refined TSC clocksource calibration: 2095.926 MHz
[    9.560005] clocksource: tsc: mask: 0xffffffffffffffff max_cycles: 0x1e3627f1754, max_idle_ns: 440795291313 ns
[    9.560042] ehci-pci: EHCI PCI platform driver
[    9.560072] ehci-platform: EHCI generic platform driver
[    9.560087] ohci_hcd: USB 1.1 'Open' Host Controller (OHCI) Driver
[    9.560091] ohci-pci: OHCI PCI platform driver
[    9.560103] ohci-platform: OHCI generic platform driver
[    9.560113] uhci_hcd: USB Universal Host Controller Interface driver
[    9.560193] i8042: PNP: PS/2 Controller [PNP0303:PS2K,PNP0f03:PS2M] at 0x60,0x64 irq 1,12
[    9.597467] serio: i8042 KBD port at 0x60,0x64 irq 1
[    9.597475] serio: i8042 AUX port at 0x60,0x64 irq 12
[    9.597727] mousedev: PS/2 mouse device common for all mice
[    9.598427] rtc_cmos rtc_cmos: rtc core: registered rtc_cmos as rtc0
[    9.598582] rtc_cmos rtc_cmos: alarms up to one day, 114 bytes nvram
[    9.598603] i2c /dev entries driver
[    9.598711] device-mapper: uevent: version 1.0.3
[    9.599050] device-mapper: ioctl: 4.34.0-ioctl (2015-10-28) initialised: dm-devel@redhat.com
[    9.599087] ledtrig-cpu: registered to indicate activity on CPUs
[    9.599638] NET: Registered protocol family 10
[    9.599916] NET: Registered protocol family 17
[    9.599934] Key type dns_resolver registered
[    9.601586] microcode: CPU0 sig=0x206a7, pf=0x10, revision=0x0
[    9.601609] microcode: CPU1 sig=0x206a7, pf=0x10, revision=0x0
[    9.601782] microcode: Microcode Update Driver: v2.01 <tigran@aivazian.fsnet.co.uk>, Peter Oruba
[    9.601991] registered taskstats version 1
[    9.602009] Loading compiled-in X.509 certificates
[    9.603216] Loaded X.509 cert 'Build time autogenerated kernel key: 35105354eb779045e4d9ad793dead39d5ee93f76'
[    9.603247] zswap: loaded using pool lzo/zbud
[    9.605678] Key type trusted registered
[    9.610122] Key type encrypted registered
[    9.610129] AppArmor: AppArmor sha1 policy hashing enabled
[    9.610132] ima: No TPM chip found, activating TPM-bypass!
[    9.610157] evm: HMAC attrs: 0x1
[    9.610685]   Magic number: 9:212:333
[    9.610706] tty tty54: hash matches
[    9.616368] rtc_cmos rtc_cmos: setting system clock to 2017-07-06 14:18:12 UTC (1499350692)
[    9.616570] BIOS EDD facility v0.16 2004-Jun-25, 0 devices found
[    9.616570] EDD information not available.
[    9.685296] input: AT Translated Set 2 keyboard as /devices/platform/i8042/serio0/input/input2
[   10.480763] Freeing unused kernel memory: 1488K (ffffffff81f45000 - ffffffff820b9000)
[   10.491285] Write protecting the kernel read-only data: 14336k
[   10.498759] Freeing unused kernel memory: 1760K (ffff880001848000 - ffff880001a00000)
[   10.509418] Freeing unused kernel memory: 112K (ffff880001de4000 - ffff880001e00000)
Loading, please wait...
starting version[   10.538059] random: systemd-udevd: uninitialized urandom read (16 bytes read, 3 bits of entropy available)
 229
[   10.538654] random: udevadm: uninitialized urandom read (16 bytes read, 3 bits of entropy available)
[   10.538704] random: udevadm: uninitialized urandom read (16 bytes read, 3 bits of entropy available)
[   10.538875] random: udevadm: uninitialized urandom read (16 bytes read, 3 bits of entropy available)
[   10.538941] random: udevadm: uninitialized urandom read (16 bytes read, 3 bits of entropy available)
[   10.539068] random: udevadm: uninitialized urandom read (16 bytes read, 3 bits of entropy available)
[   10.539131] random: udevadm: uninitialized urandom read (16 bytes read, 3 bits of entropy available)
[   10.539192] random: udevadm: uninitialized urandom read (16 bytes read, 3 bits of entropy available)
[   10.539252] random: udevadm: uninitialized urandom read (16 bytes read, 3 bits of entropy available)
[   10.539309] random: udevadm: uninitialized urandom read (16 bytes read, 3 bits of entropy available)
[   11.055020] e1000: Intel(R) PRO/1000 Network Driver - version 7.3.21-k8-NAPI
[   11.067727] e1000: Copyright (c) 1999-2006 Intel Corporation.
[   11.072258] Fusion MPT base driver 3.04.20
[   11.088427] Copyright (c) 1999-2008 LSI Corporation
[   11.107252] Fusion MPT SPI Host driver 3.04.20
[   11.355394] input: ImExPS/2 Generic Explorer Mouse as /devices/platform/i8042/serio1/input/input4
[   11.586713] e1000 0000:00:03.0 eth0: (PCI:33MHz:32-bit) 02:e8:c6:8a:e3:de
[   11.590815] e1000 0000:00:03.0 eth0: Intel(R) PRO/1000 Network Connection
[   11.600815] mptbase: ioc0: Initiating bringup
[   11.691421] ioc0: LSI53C1030 A0: Capabilities={Initiator}
[   11.927746] scsi host2: ioc0: LSI53C1030 A0, FwRev=00000000h, Ports=1, MaxQ=256, IRQ=20
[   12.083446] scsi 2:0:0:0: Direct-Access     VBOX     HARDDISK         1.0  PQ: 0 ANSI: 5
[   12.116253] scsi target2:0:0: Beginning Domain Validation
[   12.151520] scsi target2:0:0: Domain Validation skipping write tests
[   12.159489] scsi target2:0:0: Ending Domain Validation
[   12.197843] scsi target2:0:0: asynchronous
[   12.212257] scsi 2:0:1:0: Direct-Access     VBOX     HARDDISK         1.0  PQ: 0 ANSI: 5
[   12.224753] scsi target2:0:1: Beginning Domain Validation
[   12.231536] scsi target2:0:1: Domain Validation skipping write tests
[   12.240205] scsi target2:0:1: Ending Domain Validation
[   12.243390] scsi target2:0:1: asynchronous
[   12.264567] sd 2:0:0:0: Attached scsi generic sg0 type 0
[   12.272337] sd 2:0:0:0: [sda] 20971520 512-byte logical blocks: (10.7 GB/10.0 GiB)
[   12.293971] sd 2:0:1:0: Attached scsi generic sg1 type 0
[   12.303104] sd 2:0:1:0: [sdb] 20480 512-byte logical blocks: (10.5 MB/10.0 MiB)
[   12.308527] sd 2:0:0:0: [sda] Write Protect is off
[   12.311379] sd 2:0:1:0: [sdb] Write Protect is off
[   12.327750] sd 2:0:0:0: [sda] Incomplete mode parameter data
[   12.340926] sd 2:0:0:0: [sda] Assuming drive cache: write through
[   12.344304] sd 2:0:1:0: [sdb] Incomplete mode parameter data
[   12.352020] sd 2:0:1:0: [sdb] Assuming drive cache: write through
[   12.359166]  sda: sda1
[   12.369555] sd 2:0:0:0: [sda] Attached SCSI disk
[   12.379552] sd 2:0:1:0: [sdb] Attached SCSI disk
[   12.546088] e1000 0000:00:08.0 eth1: (PCI:33MHz:32-bit) 08:00:27:30:29:33
[   12.631815] e1000 0000:00:08.0 eth1: Intel(R) PRO/1000 Network Connection
[   12.649711] e1000 0000:00:08.0 enp0s8: renamed from eth1
[   12.667040] e1000 0000:00:03.0 enp0s3: renamed from eth0
[   14.104107] floppy0: no floppy controllers found
Begin: Loading e[   15.711618] md: linear personality registered for level -1
ssential drivers ... [   15.781979] md: multipath personality registered for level -4
[   15.831794] md: raid0 personality registered for level 0
[   15.863971] md: raid1 personality registered for level 1
[   15.974963] raid6: sse2x1   gen()  4895 MB/s
[   16.059030] raid6: sse2x1   xor()  3454 MB/s
[   16.138641] raid6: sse2x2   gen()  5354 MB/s
[   16.218642] raid6: sse2x2   xor()  4269 MB/s
[   16.314702] raid6: sse2x4   gen()  7147 MB/s
[   16.398617] raid6: sse2x4   xor()  5354 MB/s
[   16.416385] raid6: using algorithm sse2x4 gen() 7147 MB/s
[   16.477942] raid6: .... xor() 5354 MB/s, rmw enabled
[   16.521108] raid6: using ssse3x2 recovery algorithm
[   16.551417] xor: automatically using best checksumming function:
[   16.626899]    avx       : 11166.000 MB/sec
[   16.692795] async_tx: api initialized (async)
[   16.726358] md: raid6 personality registered for level 6
[   16.741709] md: raid5 personality registered for level 5
[   16.746200] md: raid4 personality registered for level 4
[   16.758756] md: raid10 personality registered for level 10
done.
Begin: Running /scripts/init-premount ... done.
Begin: Mounting root file system ... Begin: Running /scripts/local-top ... done.
Begin: Running /scripts/local-premount ... [   16.853926] Btrfs loaded
Scanning for Btrfs filesystems
done.
Warning: fsck not present, so skipping root file system
[   16.945595] EXT4-fs (sda1): mounted filesystem with ordered data mode. Opts: (null)
done.
Begin: Running /scripts/local-bottom ... done.
Begin: Running /scripts/init-bottom ... done.
[   17.981347] systemd[1]: systemd 229 running in system mode. (+PAM +AUDIT +SELINUX +IMA +APPARMOR +SMACK +SYSVINIT +UTMP +LIBCRYPTSETUP +GCRYPT +GNUTLS +ACL +XZ -LZ4 +SECCOMP +BLKID +ELFUTILS +KMOD -IDN)
[   18.141316] systemd[1]: Detected virtualization oracle.
[   18.172364] systemd[1]: Detected architecture x86-64.
[   18.206177] random: nonblocking pool is initialized

Welcome to [1mUbuntu 16.04.2 LTS[0m!

[   18.279502] systemd[1]: Set hostname to <ubuntu>.
[   18.345709] systemd[1]: Initializing machine ID from random generator.
[   18.359935] systemd[1]: Installed transient /etc/machine-id file.
[   19.499040] systemd[1]: Listening on /dev/initctl Compatibility Named Pipe.
[[0;32m  OK  [0m] Listening on /dev/initctl Compatibility Named Pipe.
[   19.545025] systemd[1]: Created slice User and Session Slice.
[[0;32m  OK  [0m] Created slice User and Session Slice.
[   19.570671] systemd[1]: Listening on Device-mapper event daemon FIFOs.
[[0;32m  OK  [0m] Listening on Device-mapper event daemon FIFOs.
[   19.590212] systemd[1]: Listening on Journal Socket (/dev/log).
[[0;32m  OK  [0m] Listening on Journal Socket (/dev/log).
[   19.646878] systemd[1]: Reached target Swap.
[[0;32m  OK  [0m] Reached target Swap.
[   19.710994] systemd[1]: Listening on udev Control Socket.
[[0;32m  OK  [0m] Listening on udev Control Socket.
[   19.759379] systemd[1]: Started Trigger resolvconf update for networkd DNS.
[[0;32m  OK  [0m] Started Trigger resolvconf update for networkd DNS.
[   19.870808] systemd[1]: Listening on LVM2 poll daemon socket.
[[0;32m  OK  [0m] Listening on LVM2 poll daemon socket.
[   19.975691] systemd[1]: Listening on Journal Socket.
[[0;32m  OK  [0m] Listening on Journal Socket.
[   20.074934] systemd[1]: Reached target User and Group Name Lookups.
[[0;32m  OK  [0m] Reached target User and Group Name Lookups.
[   20.159347] systemd[1]: Reached target Encrypted Volumes.
[[0;32m  OK  [0m] Reached target Encrypted Volumes.
[   20.255359] systemd[1]: Created slice System Slice.
[[0;32m  OK  [0m] Created slice System Slice.
[   20.425110] systemd[1]: Created slice system-serial\x2dgetty.slice.
[[0;32m  OK  [0m] Created slice system-serial\x2dgetty.slice.
[   20.518908] systemd[1]: Starting Set console keymap...
         Starting Set console keymap...
[   20.583538] systemd[1]: Reached target Slices.
[[0;32m  OK  [0m] Reached target Slices.
[   20.622765] systemd[1]: Mounting POSIX Message Queue File System...
         Mounting POSIX Message Queue File System...
[   20.667870] systemd[1]: Starting Nameserver information manager...
         Starting Nameserver information manager...
[   20.751407] systemd[1]: Starting Load Kernel Modules...
         Starting Load Kernel Modules...
[   20.847087] systemd[1]: Mounting Huge Pages File System...
         Mounting Huge Pages File System...
[   20.964561] Loading iSCSI transport class v2.0-870.
[   21.038745] systemd[1]: Starting Uncomplicated firewall...
         Starting Uncomplicated firewall...
[   21.127074] systemd[1]: Starting Create list of required static device nodes for the current kernel...
         Starting Create list of required st... nodes for the current kernel...
[   21.186917] systemd[1]: Starting Remount Root and Kernel File Systems...
         Starting Remount[   21.218188] iscsi: registered transport (tcp)
 Root and Kernel[   21.273368] EXT4-fs (sda1): re-mounted. Opts: (null)
 File Systems...
[   21.299975] systemd[1]: Listening on Syslog Socket.
[[0;32m  OK  [0m] Listening on Syslog Socket.
[   21.390862] iscsi: registered transport (iser)
[   21.411109] systemd[1]: Listening on Journal Audit Socket.
[[0;32m  OK  [0m] Listening on Journal Audit Socket.
[   21.494967] systemd[1]: Starting Journal Service...
         Starting Journal Service...
[   21.539005] systemd[1]: Listening on udev Kernel Socket.
[[0;32m  OK  [0m] Listening on udev Kernel Socket.
[   21.571046] systemd[1]: Started Forward Password Requests to Wall Directory Watch.
[[0;32m  OK  [0m] Started Forward Password Requests to Wall Directory Watch.
[   21.650815] systemd[1]: Mounting Debug File System...
         Mounting Debug File System...
[   21.682979] systemd[1]: Listening on LVM2 metadata daemon socket.
[[0;32m  OK  [0m] Listening on LVM2 metadata daemon socket.
[   21.726907] systemd[1]: Starting Monitoring of LVM2 mirrors, snapshots etc. using dmeventd or progress polling...
         Starting Monitoring of LVM2 mirrors... dmeventd or progress polling...
[   21.771792] systemd[1]: Set up automount Arbitrary Executable File Formats File System Automount Point.
[[0;32m  OK  [0m] Set up automount Arbitrary Executab...ats File System Automount Point.
[   21.856215] systemd[1]: Mounted Huge Pages File System.
[[0;32m  OK  [0m] Mounted Huge Pages File System.
[   21.931351] systemd[1]: Mounted POSIX Message Queue File System.
[[0;32m  OK  [0m] Mounted POSIX Message Queue File System.
[   22.055085] systemd[1]: Mounted Debug File System.
[[0;32m  OK  [0m] Mounted Debug File System.
[   22.139305] systemd[1]: Started Journal Service.
[[0;32m  OK  [0m] Started Journal Service.
[[0;32m  OK  [0m] Started Set console keymap.
[[0;32m  OK  [0m] Started Load Kernel Modules.
[[0;32m  OK  [0m] Started Uncomplicated firewall.
[[0;32m  OK  [0m] Started Create list of required sta...ce nodes for the current kernel.
[[0;32m  OK  [0m] Started Remount Root and Kernel File Systems.
[[0;32m  OK  [0m] Started Nameserver information manager.
[[0;32m  OK  [0m] Started LVM2 metadata daemon.
         Starting Load/Save Random Seed...
         Starting Initial cloud-init job (pre-networking)...
         Starting udev Coldplug all Devices...
         Starting Create Static Device Nodes in /dev...
         Starting Apply Kernel Variables...
         Mounting FUSE Control File System...
         Starting Flush Journal to Persistent Storage...
[[0;32m  OK  [0m] Mounted FUSE Control File System.
[[0;32m  OK  [0m] Started Load/Save Random Seed.
[[0;32m  OK  [0m] Started udev Coldplug all Devices.
[   22.971479] systemd-journald[394]: Received request to flush runtime journal from PID 1
[[0;32m  OK  [0m] Started Flush Journal to Persistent Storage.
[[0;32m  OK  [0m] Started Apply Kernel Variables.
[[0;32m  OK  [0m] Started Monitoring of LVM2 mirrors,...ng dmeventd or progress polling.
[[0;32m  OK  [0m] Started Create Static Device Nodes in /dev.
         Starting udev Kernel Device Manager...
[[0;32m  OK  [0m] Started udev Kernel Device Manager.
[[0;32m  OK  [0m] Reached target Local File Systems (Pre).
[[0;32m  OK  [0m] Reached target Local File Systems.
         Starting Set console font and keymap...
         Starting LSB: AppArmor initialization...
         Starting Commit a transient machine-id on disk...
         Starting Create Volatile Files and Directories...
         Starting Tell Plymouth To Write Out Runtime Data...
[[0;32m  OK  [0m] Started Dispatch Password Requests to Console Directory Watch.
[[0;32m  OK  [0m] Found device /dev/ttyS0.
[[0;32m  OK  [0m] Started Create Volatile Files and Directories.
         Starting Update UTMP about System Boot/Shutdown...
[[0;32m  OK  [0m] Reached target System Time Synchronized.
[[0;32m  OK  [0m] Started Commit a transient machine-id on disk.
[[0;32m  OK  [0m] Started Tell Plymouth To Write Out Runtime Data.
[[0;32m  OK  [0m] Started Update UTMP about System Boot/Shutdown.
[[0;32m  OK  [0m] Listening on Load/Save RF Kill Switch Status /dev/rfkill Watch.
[[0;32m  OK  [0m] Started LSB: AppArmor initialization.
[[0;32m  OK  [0m] Started Set console font and keymap.
[[0;32m  OK  [0m] Created slice system-getty.slice.
[   25.368084] cloud-init[422]: Cloud-init v. 0.7.9 running 'init-local' at Thu, 06 Jul 2017 14:18:31 +0000. Up 24.74 seconds.
[[0;32m  OK  [0m] Started Initial cloud-init job (pre-networking).
[[0;32m  OK  [0m] Reached target Network (Pre).
         Starting Raise network interfaces...
[[0;32m  OK  [0m] Started Raise network interfaces.
[[0;32m  OK  [0m] Reached target Network.
         Starting Initial cloud-init job (metadata service crawler)...
[   28.829623] cloud-init[938]: Cloud-init v. 0.7.9 running 'init' at Thu, 06 Jul 2017 14:18:33 +0000. Up 26.63 seconds.
[   28.863660] cloud-init[938]: ci-info: ++++++++++++++++++++++++++++++++++++++Net device info++++++++++++++++++++++++++++++++++++++
[   28.889959] cloud-init[938]: ci-info: +--------+-------+----------------------------+---------------+-------+-------------------+
[   28.896878] cloud-init[938]: ci-info: | Device |   Up  |          Address           |      Mask     | Scope |     Hw-Address    |
[   28.904147] cloud-init[938]: ci-info: +--------+-------+----------------------------+---------------+-------+-------------------+
[   28.920834] cloud-init[938]: ci-info: | enp0s3 |  True |         10.0.2.15          | 255.255.255.0 |   .   | 02:e8:c6:8a:e3:de |
[   28.921340] cloud-init[938]: ci-info: | enp0s3 |  True | fe80::e8:c6ff:fe8a:e3de/64 |       .       |  link | 02:e8:c6:8a:e3:de |
[[0;32m  OK  [0m] Started Initial cloud-init job (metadata service crawler).
[   28.921617] cloud-init[938]: ci-info: |   lo   |  True |         127.0.0.1          |   255.0.0.0   |   .   |         .         |
[[   28.963861] cloud-init[938]: ci-info: |   lo   |  True |          ::1/128           |       .       |  host |         .         |
[   28.964534] cloud-init[938]: ci-info: | enp0s8 | False |             .              |       .       |   .   | 08:00:27:30:29:33 |
[   28.964843] cloud-init[938]: ci-info: +--------+-------+----------------------------+---------------+-------+-------------------+
[   28.965109] cloud-init[938]: ci-info: +++++++++++++++++++++++++++Route IPv4 info++++++++++++++++++++++++++++
[   28.965418] cloud-init[938]: ci-info: +-------+-------------+----------+---------------+-----------+-------+
[   28.965725] cloud-init[938]: ci-info: | Route | Destination | Gateway  |    Genmask    | Interface | Flags |
[0;32m  OK  [0m] Reached target System Initialization.
[   28.965998] cloud-init[938]: ci-info: +-------+-------------+----------+---------------+-----------+-------+
[   29.381257] cloud-init[938]: ci-info: |   0   |   0.0.0.0   | 10.0.2.2 |    0.0.0.0    |   enp0s3  |   UG  |
[[0;32m  OK  [0m] Listening on ACPID Listen Socket.
[[   29.381559] cloud-init[938]: ci-info: |   1   |   10.0.2.0  | 0.0.0.0  | 255.255.255.0 |   enp0s3  |   U   |
[   29.436703] cloud-init[938]: ci-info: +-------+-------------+----------+---------------+-----------+-------+
[   29.437276] cloud-init[938]: Generating public/private rsa key pair.
[0;32m  OK  [0m] Listening on UUID daemon activation socket.
[   29.437338] cloud-init[938]: Your identification has been saved in /etc/ssh/ssh_host_rsa_key.
[   29.559167] cloud-init[938]: Your public key has been saved in /etc/ssh/ssh_host_rsa_key.pub.
[   29.559711] cloud-init[938]: The key fingerprint is:
[[0;32m  OK  [0m] Started ACPI Events Check.
[   29.560024] cloud-init[938]: SHA256:HWtnZUsUdUxlFQiE2peyDkYZ65KsevV6yV3fIr3C1mE root@ubuntu-xenial
[   29.610540] cloud-init[938]: The key's randomart image is:
[[0;32m  OK  [0m] Reached target Paths.
[   29.610719] cloud-init[938]: +---[RSA 2048]----+
[   29.732607] cloud-init[938]: |          oo. +*@|
[   29.733161] cloud-init[938]: |       . .   o .o|
[[0;32m  OK  [0m] Started Timer to automatically refresh installed snaps.
[   29.733434] cloud-init[938]: |        * . . +  |
[   29.829614] cloud-init[938]: |       = + = + . |
[[0;32m  OK  [0m] Started Daily Cleanup of Temporary Directories.
[   29.829856] cloud-init[938]: |    . + S B o .  |
[   29.876719] cloud-init[938]: |     = + o + E   |
[   29.877569] cloud-init[938]: |    o = = o = o  |
         Starting Socket activation for snappy daemon.
[   29.877857] cloud-init[938]: |   o   = o = = . |
[   29.920152] cloud-init[938]: | .o  .o   . o.o  |
[   29.930994] cloud-init[938]: +----[SHA256]-----+
[   29.931557] cloud-init[938]: Generating public/private dsa key pair.
         Starting LXD - unix socket.
[[   29.931990] cloud-init[938]: Your identification has been saved in /etc/ssh/ssh_host_dsa_key.
[   29.980517] cloud-init[938]: Your public key has been saved in /etc/ssh/ssh_host_dsa_key.pub.
[0;32m  OK  [0m] Listening on D-Bus System Message Bus Socket.
[   29.980713] cloud-init[938]: The key fingerprint is:
[   30.034096] cloud-init[938]: SHA256:Z2TDtrpiqj8DW2YOrkYiqp5wczcZTW+wtX9w53t+3As root@ubuntu-xenial
[   30.034501] cloud-init[938]: The key's randomart image is:
[[0;32m  OK  [0m] Started Daily apt activities.
[   30.034732] cloud-init[938]: +---[DSA 1024]----+
[   30.092408] cloud-init[938]: |                 |
[   30.093009] cloud-init[938]: |         .       |
[[0;32m  OK  [0m] Reached target Timers.
[   30.093281] cloud-init[938]: |        o B      |
[   30.153578] cloud-init[938]: |       o O +     |
[[0;32m  OK  [0m] Reached target Network is Online.
[   30.153858] cloud-init[938]: |      . S B . . .|
[   30.215684] cloud-init[938]: |o.o +  o = . o o |
[   30.216439] cloud-init[938]: |*.oO. + .   .E..o|
         Starting iSCSI initiator daemon (iscsid)...
[[   30.216766] cloud-init[938]: |oo+o+.o. .   .. *|
[   30.273278] cloud-init[938]: |*+.oo= ..      +=|
[0;32m  OK  [0m] Reached target Cloud-config availability.
[   30.273506] cloud-init[938]: +----[SHA256]-----+
[   30.313918] cloud-init[938]: Generating public/private ecdsa key pair.
[   30.314482] cloud-init[938]: Your identification has been saved in /etc/ssh/ssh_host_ecdsa_key.
[[0;32m  OK  [0m] Listening on Socket activation for snappy daemon.
[   30.314765] cloud-init[938]: Your public key has been saved in /etc/ssh/ssh_host_ecdsa_key.pub.
[   30.365205] cloud-init[938]: The key fingerprint is:
[[0;32m  OK  [0m] Listening on LXD - unix socket.
[   30.365496] cloud-init[938]: SHA256:WKCrJvqU7XZK4fZ06m3vnnN7QGVn/aLZN+1axelh4eM root@ubuntu-xenial
[   30.488483] cloud-init[938]: The key's randomart image is:
[   30.520927] cloud-init[938]: +---[ECDSA 256]---+
[   30.527412] [[0;32m  OK  [0m] Reached target Sockets.
[[0;32m  OK  [0m] Reached target Basic System.
cloud-init[938]: |      .         .|
[[0;32m  OK  [0m] Started FUSE filesystem for LXC.
[   30.580410] cloud-init[938]: |     . .      o +|
[   30.607463] cloud-init[938]: |    .   .    o +.|
[[0;32m  OK  [0m] Started D-Bus System Message Bus.
[   30.651888] cloud-init[938]: |     . o    . o.+|
[   30.692571] cloud-init[938]: |    o . S  . + B+|
[   30.724592] cloud-init[938]: |   = .      + =.*|
[   30.743244] cloud-init[938]: |. = = . .    . Eo|
[   30.761936] cloud-init[938]: |.+ +.o.+. ... ...|
[   30.769262] cloud-init[938]: |....o++..+=o.o.. |
         Starting System Logging Service...
[   30.794168] cloud-init[938]: +----[SHA256]-----+
[   30.828411] cloud-init[938]: Generating public/private ed25519 key pair.
         Starting Pollinate to seed the pseudo random number generator...
[   30.848765] cloud-init[938]: Your identification has been saved in /etc/ssh/ssh_host_ed25519_key.
[   30.862440] cloud-init[938]: Your public key has been saved in /etc/ssh/ssh_host_ed25519_key.pub.
[   30.896646] cloud-init[938]: The key fingerprint is:
[   30.897283] cloud-init[938]: SHA256:vobQa593ZG5FLE1L4XQKe8NNyHmzhd6Thh60nBR8zx4 root@ubuntu-xenial
[[0;32m  OK  [0m] Started ACPI event daemon.
[   30.897684] cloud-init[938]: The key's randomart image is:
[   30.946139] cloud-init[938]: +--[ED25519 256]--+
[   30.953712] cloud-init[938]: |            oo+=o|
[   30.954466] cloud-init[938]: |             XBBo|
         Starting LSB: MD monitoring daemon...
[   30.954787] cloud-init[938]: |            =*@=B|
[   30.973885] cloud-init[938]: |            .B*E+|
[   30.974435] cloud-init[938]: |     .  S   .oo.o|
[[0;32m  OK  [0m] Started Regular background program processing daemon.
[   30.974740] cloud-init[938]: |    . ..    o.. .|
[   31.016451] cloud-init[938]: |     . o.  + .   |
[   31.025952] cloud-init[938]: |      + .o. +    |
[   31.026638] cloud-init[938]: |     . o+. o     |
         Starting /etc/rc.local Compatibility...
[   31.026953] cloud-init[938]: +----[SHA256]-----+
         Starting LSB: Record successful boot for GRUB...
         Starting LXD - container startup/shutdown...
[[0;32m  OK  [0m] Started Unattended Upgrades Shutdown.
         Starting Login Service...
         Starting Accounts Service...
         Starting Apply the settings specified in cloud-config...
[[0;32m  OK  [0m] Started Deferred execution scheduler.
[[0;32m  OK  [0m] Started Snappy daemon.
         Starting Auto import assertions from block devices...
[[0;32m  OK  [0m] Started System Logging Service.
[[0;32m  OK  [0m] Started iSCSI initiator daemon (iscsid).
[[0;32m  OK  [0m] Started /etc/rc.local Compatibility.
[[0;32m  OK  [0m] Started Auto import assertions from block devices.
[[0;32m  OK  [0m] Started Login Service.
         Starting Login to default iSCSI targets...
[[0;32m  OK  [0m] Started LSB: MD monitoring daemon.
[[0;32m  OK  [0m] Started Login to default iSCSI targets.
[[0;32m  OK  [0m] Reached target Remote File Systems (Pre).
[[0;32m  OK  [0m] Reached target Remote File Systems.
         Starting LSB: VirtualBox Linux Additions...
         Starting LSB: Set the CPU Frequency Scaling governor to "ondemand"...
         Starting Permit User Sessions...
         Starting LSB: automatic crash report generation...
         Starting LSB: daemon to balance interrupts for SMP systems...
[[0;32m  OK  [0m] Started LSB: Record successful boot for GRUB.
[[0;32m  OK  [0m] Started Permit User Sessions.
[[0;32m  OK  [0m] Started LSB: Set the CPU Frequency Scaling governor to "ondemand".
         Starting Hold until boot process finishes up...
         Starting Terminate Plymouth Boot Screen...
[[0;32m  OK  [0m] Started Hold until boot process finishes up.
[[0;32m  OK  [0m] Started Terminate Plymouth Boot Screen.
[[0;32m  OK  [0m] Started Serial Getty on ttyS0.
         Starting Set console scheme...
[[0;32m  OK  [0m] Started Getty on tty1.
[[0;32m  OK  [0m] Reached target Login Prompts.
[[0;32m  OK  [0m] Started LSB: automatic crash report generation.
[[0;32m  OK  [0m] Started LSB: daemon to balance interrupts for SMP systems.
[[0;32m  OK  [0m] Started Set console scheme.
[   32.875731] cloud-init[1076]: Generating locales (this might take a while)...
         Starting Authenticate and Authorize Users to Run Privileged Tasks...
[[0;32m  OK  [0m] Started Authenticate and Authorize Users to Run Privileged Tasks.
[[0;32m  OK  [0m] Started Accounts Service.
[[0;32m  OK  [0m] Started LSB: VirtualBox Linux Additions.
[[0;32m  OK  [0m] Started LXD - container startup/shutdown.
[   35.133433] cloud-init[1076]:   en_US.UTF-8... done
[   35.156324] cloud-init[1076]: Generation complete.
[[0;32m  OK  [0m] Stopped OpenBSD Secure Shell server.
         Starting OpenBSD Secure Shell server...
[[0;32m  OK  [0m] Started OpenBSD Secure Shell server.
[[0;32m  OK  [0m] Created slice User Slice of ubuntu.
         Starting User Manager for UID 1000...
[[0;32m  OK  [0m] Started Session 1 of user ubuntu.
[[0;32m  OK  [0m] Started User Manager for UID 1000.
[[0;32m  OK  [0m] Started Pollinate to seed the pseudo random number generator.
[[0;32m  OK  [0m] Reached target Multi-User System.
[[0;32m  OK  [0m] Reached target Graphical Interface.
         Starting Update UTMP about System Runlevel Changes...
[[0;32m  OK  [0m] Started Update UTMP about System Runlevel Changes.
[   37.515289] cloud-init[1076]: Cloud-init v. 0.7.9 running 'modules:config' at Thu, 06 Jul 2017 14:18:38 +0000. Up 31.92 seconds.
ci-info: no authorized ssh keys fingerprints found for user ubuntu.

<14>Jul  6 14:18:45 ec2: 
<14>Jul  6 14:18:45 ec2: #############################################################
<14>Jul  6 14:18:45 ec2: -----BEGIN SSH HOST KEY FINGERPRINTS-----
<14>Jul  6 14:18:45 ec2: 1024 SHA256:Z2TDtrpiqj8DW2YOrkYiqp5wczcZTW+wtX9w53t+3As root@ubuntu-xenial (DSA)
<14>Jul  6 14:18:45 ec2: 256 SHA256:WKCrJvqU7XZK4fZ06m3vnnN7QGVn/aLZN+1axelh4eM root@ubuntu-xenial (ECDSA)
<14>Jul  6 14:18:45 ec2: 256 SHA256:vobQa593ZG5FLE1L4XQKe8NNyHmzhd6Thh60nBR8zx4 root@ubuntu-xenial (ED25519)
<14>Jul  6 14:18:45 ec2: 2048 SHA256:HWtnZUsUdUxlFQiE2peyDkYZ65KsevV6yV3fIr3C1mE root@ubuntu-xenial (RSA)
<14>Jul  6 14:18:45 ec2: -----END SSH HOST KEY FINGERPRINTS-----
<14>Jul  6 14:18:45 ec2: #############################################################
-----BEGIN SSH HOST KEY KEYS-----
ecdsa-sha2-nistp256 AAAAE2VjZHNhLXNoYTItbmlzdHAyNTYAAAAIbmlzdHAyNTYAAABBBPJGNjaJ7VspHxtN3bvZhKbM7OCmVgyHDvAKQJUFIfNSDhUV3ol1PIsEvVmAGaJ9otp51tHjdTPVMObzeM/2Qpc= root@ubuntu-xenial
ssh-ed25519 AAAAC3NzaC1lZDI1NTE5AAAAIIwuDKNMkF54ZZLfuL3jlZR4kzQOstp8tcmL5yjPMPBB root@ubuntu-xenial
ssh-rsa AAAAB3NzaC1yc2EAAAADAQABAAABAQDa29sFgHmQKEm/KUfgrSMf1r3rkhqsjPZTSXmINfRs2cxGijPZ6KQitZtyGeCG6BSzuKw6ZW0MYteqSg/VyUUJZAhk+kj2i/97eumvUhlVDnbh4mBOKYsx7W0qT+O+rDH7+vKoRoJ9NGlWssK/sj68u4qOHLDX4vD4TYpmcfVBQbzMJsiod2aKfTP4ad7wJdwLUMAcbJ3fiiHqdipk+W/7vEFTLV/aHtCZwsoQdJO2VhmOh05ZgJNwX+5M7uksWX1Zly04NUjVj4yGk83pu4BdRT8ReuwPRmv4YZfLGth5wm91fuUPX0nt1kavi/U5VK6OZus4x1dTyWDKCNy6iqxj root@ubuntu-xenial
-----END SSH HOST KEY KEYS-----
[   38.552314] cloud-init[1389]: Cloud-init v. 0.7.9 running 'modules:final' at Thu, 06 Jul 2017 14:18:45 +0000. Up 38.24 seconds.
[   38.552664] cloud-init[1389]: ci-info: no authorized ssh keys fingerprints found for user ubuntu.
[   38.552891] cloud-init[1389]: Cloud-init v. 0.7.9 finished at Thu, 06 Jul 2017 14:18:45 +0000. Datasource DataSourceNoCloud [seed=/dev/sdb][dsmode=net].  Up 38.53 seconds
Ubuntu 16.04.2 LTS ubuntu-xenial ttyS0

ubuntu-xenial login: 